Archive member included because of file (symbol)

/home/angel/bombardier-bsp/emsv5board/tmp/sysroots/ems_v5/usr/lib/arm-poky-linux-gnueabi/4.9.2/libgcc.a(_udivsi3.o)
                              arch/arm/cpu/armv7/built-in.o (__aeabi_uidiv)
/home/angel/bombardier-bsp/emsv5board/tmp/sysroots/ems_v5/usr/lib/arm-poky-linux-gnueabi/4.9.2/libgcc.a(_divsi3.o)
                              common/built-in.o (__aeabi_idiv)
/home/angel/bombardier-bsp/emsv5board/tmp/sysroots/ems_v5/usr/lib/arm-poky-linux-gnueabi/4.9.2/libgcc.a(_lshrdi3.o)
                              fs/built-in.o (__aeabi_llsr)
/home/angel/bombardier-bsp/emsv5board/tmp/sysroots/ems_v5/usr/lib/arm-poky-linux-gnueabi/4.9.2/libgcc.a(_ashldi3.o)
                              drivers/mmc/built-in.o (__aeabi_llsl)
/home/angel/bombardier-bsp/emsv5board/tmp/sysroots/ems_v5/usr/lib/arm-poky-linux-gnueabi/4.9.2/libgcc.a(_dvmd_lnx.o)
                              /home/angel/bombardier-bsp/emsv5board/tmp/sysroots/ems_v5/usr/lib/arm-poky-linux-gnueabi/4.9.2/libgcc.a(_udivsi3.o) (__aeabi_idiv0)

Discarded input sections

 .data          0x0000000000000000        0x0 arch/arm/cpu/armv7/start.o
 .bss           0x0000000000000000        0x0 arch/arm/cpu/armv7/start.o
 .text.v7_outer_cache_flush_all
                0x0000000000000000        0x4 arch/arm/cpu/armv7/built-in.o
 .text.v7_outer_cache_inval_all
                0x0000000000000000        0x4 arch/arm/cpu/armv7/built-in.o
 .text.v7_outer_cache_flush_range
                0x0000000000000000        0x4 arch/arm/cpu/armv7/built-in.o
 .text.v7_outer_cache_inval_range
                0x0000000000000000        0x4 arch/arm/cpu/armv7/built-in.o
 .text.v7_arch_cp15_set_l2aux_ctrl
                0x0000000000000000        0x8 arch/arm/cpu/armv7/built-in.o
 .text.v7_arch_cp15_set_acr
                0x0000000000000000        0x8 arch/arm/cpu/armv7/built-in.o
 .text.sdelay   0x0000000000000000        0xc arch/arm/cpu/armv7/built-in.o
 .text.wait_on_value
                0x0000000000000000       0x34 arch/arm/cpu/armv7/built-in.o
 .text.enable_enet_clk
                0x0000000000000000       0x24 arch/arm/cpu/armv7/built-in.o
 .text.enable_uart_clk
                0x0000000000000000       0x24 arch/arm/cpu/armv7/built-in.o
 .text.enable_usdhc_clk
                0x0000000000000000       0x4c arch/arm/cpu/armv7/built-in.o
 .text.enable_spi_clk
                0x0000000000000000       0x44 arch/arm/cpu/armv7/built-in.o
 .text.enable_fec_anatop_clock
                0x0000000000000000       0x80 arch/arm/cpu/armv7/built-in.o
 .text.enable_sata_clock
                0x0000000000000000       0x1c arch/arm/cpu/armv7/built-in.o
 .text.disable_sata_clock
                0x0000000000000000       0x18 arch/arm/cpu/armv7/built-in.o
 .data          0x0000000000000000        0x0 arch/arm/cpu/armv7/built-in.o
 .bss           0x0000000000000000        0x0 arch/arm/cpu/armv7/built-in.o
 .text          0x0000000000000000        0x0 arch/arm/imx-common/built-in.o
 .text.usec2ticks
                0x0000000000000000       0x68 arch/arm/imx-common/built-in.o
 .text.get_imx_reset_cause
                0x0000000000000000       0x10 arch/arm/imx-common/built-in.o
 .text.set_chipselect_size
                0x0000000000000000       0x84 arch/arm/imx-common/built-in.o
 .text.mxs_wait_mask_set
                0x0000000000000000       0x40 arch/arm/imx-common/built-in.o
 .text.mxs_wait_mask_clr
                0x0000000000000000       0x3c arch/arm/imx-common/built-in.o
 .text.mxs_reset_block
                0x0000000000000000       0x90 arch/arm/imx-common/built-in.o
 .data          0x0000000000000000        0x0 arch/arm/imx-common/built-in.o
 .bss           0x0000000000000000        0x0 arch/arm/imx-common/built-in.o
 .text.flush_cache
                0x0000000000000000        0x4 arch/arm/lib/built-in.o
 .text.flush_dcache_all
                0x0000000000000000        0xc arch/arm/lib/built-in.o
 .text.enable_caches
                0x0000000000000000        0xc arch/arm/lib/built-in.o
 .text.arm_init_before_mmu
                0x0000000000000000        0x4 arch/arm/lib/built-in.o
 .text.mmu_page_table_flush
                0x0000000000000000        0x4 arch/arm/lib/built-in.o
 .rodata.pl310  0x0000000000000000        0x4 arch/arm/lib/built-in.o
 .data          0x0000000000000000        0x0 arch/arm/lib/built-in.o
 .__secure_start
                0x0000000000000000        0x0 arch/arm/lib/built-in.o
 .__secure_end  0x0000000000000000        0x0 arch/arm/lib/built-in.o
 .bss           0x0000000000000000        0x0 arch/arm/lib/built-in.o
 .text          0x0000000000000000        0x0 board/freescale/common/built-in.o
 .text.pfuze_mode_init
                0x0000000000000000       0xa0 board/freescale/common/built-in.o
 .text.pfuze_common_init
                0x0000000000000000      0x10c board/freescale/common/built-in.o
 .rodata.str1.1
                0x0000000000000000       0x3a board/freescale/common/built-in.o
[...]
Memory Configuration

Name             Origin             Length             Attributes
*default*        0x0000000000000000 0xffffffffffffffff

Linker script and memory map

Address of section .text set to 0x17800000
                0x0000000000000000                . = 0x0
                0x0000000000000000                . = ALIGN (0x4)

.text           0x0000000017800000    0x43468
 *(.__image_copy_start)
 .__image_copy_start
                0x0000000017800000        0x0 arch/arm/lib/built-in.o
                0x0000000017800000                __image_copy_start
 *(.vectors)
 .vectors       0x0000000017800000      0x300 arch/arm/lib/built-in.o
                0x0000000017800000                _start
                0x0000000017800020                _undefined_instruction
                0x0000000017800024                _software_interrupt
                0x0000000017800028                _prefetch_abort
                0x000000001780002c                _data_abort
                0x0000000017800030                _not_used
                0x0000000017800034                _irq
                0x0000000017800038                _fiq
                0x0000000017800040                IRQ_STACK_START_IN
 arch/arm/cpu/armv7/start.o(.text*)
 .text          0x0000000017800300       0xe0 arch/arm/cpu/armv7/start.o
                0x0000000017800300                reset
                0x0000000017800304                save_boot_params_ret
                0x0000000017800340                c_runtime_cpu_setup
                0x0000000017800350                save_boot_params
                0x0000000017800354                cpu_init_cp15
                0x00000000178003d8                cpu_init_crit
 *(.text*)
 .text          0x00000000178003e0       0x1c arch/arm/cpu/armv7/built-in.o
                0x00000000178003e0                lowlevel_init
 .text.v7_maint_dcache_all
                0x00000000178003fc       0xd0 arch/arm/cpu/armv7/built-in.o
 .text.invalidate_icache_all
                0x00000000178004cc       0x18 arch/arm/cpu/armv7/built-in.o
                0x00000000178004cc                invalidate_icache_all
 .text.v7_outer_cache_enable
                0x00000000178004e4       0x58 arch/arm/cpu/armv7/built-in.o
                0x00000000178004e8                v7_outer_cache_enable
 .text.v7_outer_cache_disable
                0x000000001780053c       0x1c arch/arm/cpu/armv7/built-in.o
                0x0000000017800540                v7_outer_cache_disable
 .text.flush_dcache_all
                0x0000000017800558       0x14 arch/arm/cpu/armv7/built-in.o
                0x0000000017800558                flush_dcache_all
 .text.invalidate_dcache_all
                0x000000001780056c       0x14 arch/arm/cpu/armv7/built-in.o
                0x000000001780056c                invalidate_dcache_all
 .text.arm_init_before_mmu
                0x0000000017800580       0x28 arch/arm/cpu/armv7/built-in.o
                0x0000000017800580                arm_init_before_mmu
 .text.flush_dcache_range
                0x00000000178005a8       0x3c arch/arm/cpu/armv7/built-in.o
                0x00000000178005a8                flush_dcache_range
 .text.mmu_page_table_flush
                0x00000000178005e4       0x24 arch/arm/cpu/armv7/built-in.o
                0x00000000178005e4                mmu_page_table_flush
 .text.flush_cache
                0x0000000017800608        0x8 arch/arm/cpu/armv7/built-in.o
                0x0000000017800608                flush_cache
 .text.invalidate_dcache_range
                0x0000000017800610       0xac arch/arm/cpu/armv7/built-in.o
                0x0000000017800610                invalidate_dcache_range
 .text.cpu_cache_initialization
                0x00000000178006bc        0x4 arch/arm/cpu/armv7/built-in.o
                0x00000000178006bc                cpu_cache_initialization
 .text.cleanup_before_linux
                0x00000000178006c0       0x28 arch/arm/cpu/armv7/built-in.o
                0x00000000178006c0                cleanup_before_linux
 .text.get_nr_cpus
                0x00000000178006e8       0x10 arch/arm/cpu/armv7/built-in.o
                0x00000000178006e8                get_nr_cpus
 .text.get_cpu_rev
                0x00000000178006f8       0x60 arch/arm/cpu/armv7/built-in.o
                0x00000000178006f8                get_cpu_rev
 .text.get_cpu_speed_grade_hz
                0x0000000017800758       0xb0 arch/arm/cpu/armv7/built-in.o
                0x0000000017800758                get_cpu_speed_grade_hz
 .text.get_cpu_temp_grade
                0x0000000017800808       0x68 arch/arm/cpu/armv7/built-in.o
                0x0000000017800808                get_cpu_temp_grade
 .text.get_board_rev
                0x0000000017800870       0x30 arch/arm/cpu/armv7/built-in.o
                0x0000000017800870                get_board_rev
 .text.init_aips
                0x00000000178008a0       0x58 arch/arm/cpu/armv7/built-in.o
                0x00000000178008a0                init_aips
 .text.arch_cpu_init
                0x00000000178008f8       0xac arch/arm/cpu/armv7/built-in.o
                0x00000000178008f8                arch_cpu_init
 .text.board_postclk_init
                0x00000000178009a4       0x50 arch/arm/cpu/armv7/built-in.o
                0x00000000178009a4                board_postclk_init
 .text.enable_caches
                0x00000000178009f4       0x34 arch/arm/cpu/armv7/built-in.o
                0x00000000178009f4                enable_caches
 .text.imx_get_mac_from_fuse
                0x0000000017800a28       0x3c arch/arm/cpu/armv7/built-in.o
                0x0000000017800a28                imx_get_mac_from_fuse
 .text.boot_mode_apply
                0x0000000017800a64       0x24 arch/arm/cpu/armv7/built-in.o
                0x0000000017800a64                boot_mode_apply
 .text.s_init   0x0000000017800a88       0x78 arch/arm/cpu/armv7/built-in.o
                0x0000000017800a88                s_init
 .text.imx_enable_hdmi_phy
                0x0000000017800b00       0x4c arch/arm/cpu/armv7/built-in.o
                0x0000000017800b00                imx_enable_hdmi_phy
 .text.imx_setup_hdmi
                0x0000000017800b4c       0x38 arch/arm/cpu/armv7/built-in.o
                0x0000000017800b4c                imx_setup_hdmi
 .text.enable_enet_pll
                0x0000000017800b84       0x68 arch/arm/cpu/armv7/built-in.o
 .text.get_ipg_clk
                0x0000000017800bec       0x28 arch/arm/cpu/armv7/built-in.o
 .text.get_uart_clk
                0x0000000017800c14       0x54 arch/arm/cpu/armv7/built-in.o
 .text.mxc_get_pll_pfd
                0x0000000017800c68       0xa0 arch/arm/cpu/armv7/built-in.o
 .text.get_usdhc_clk
                0x0000000017800d08       0x90 arch/arm/cpu/armv7/built-in.o
 .text.enable_ocotp_clk
                0x0000000017800d98       0x24 arch/arm/cpu/armv7/built-in.o
                0x0000000017800d98                enable_ocotp_clk
 .text.enable_usboh3_clk
                0x0000000017800dbc       0x24 arch/arm/cpu/armv7/built-in.o
                0x0000000017800dbc                enable_usboh3_clk
 .text.enable_i2c_clk
                0x0000000017800de0       0x68 arch/arm/cpu/armv7/built-in.o
                0x0000000017800de0                enable_i2c_clk
 .text.get_periph_clk
                0x0000000017800e48       0xb8 arch/arm/cpu/armv7/built-in.o
                0x0000000017800e48                get_periph_clk
 .text.get_axi_clk
                0x0000000017800f00       0x4c arch/arm/cpu/armv7/built-in.o
 .text.imx_get_uartclk
                0x0000000017800f4c        0x4 arch/arm/cpu/armv7/built-in.o
                0x0000000017800f4c                imx_get_uartclk
 .text.enable_pcie_clock
                0x0000000017800f50       0x70 arch/arm/cpu/armv7/built-in.o
                0x0000000017800f50                enable_pcie_clock
 .text.enable_thermal_clk
                0x0000000017800fc0       0x48 arch/arm/cpu/armv7/built-in.o
                0x0000000017800fc0                enable_thermal_clk
 .text.mxc_get_clock
                0x0000000017801008      0x1cc arch/arm/cpu/armv7/built-in.o
                0x0000000017801008                mxc_get_clock
 .text.imx_get_fecclk
                0x00000000178011d4        0x8 arch/arm/cpu/armv7/built-in.o
                0x00000000178011d4                imx_get_fecclk
 .text.do_mx6_showclocks
                0x00000000178011dc      0x24c arch/arm/cpu/armv7/built-in.o
                0x00000000178011dc                do_mx6_showclocks
 .text.enable_ipu_clock
                0x0000000017801428       0x18 arch/arm/cpu/armv7/built-in.o
                0x0000000017801428                enable_ipu_clock
 .text.cpu_reset
                0x0000000017801440       0x28 arch/arm/cpu/armv7/built-in.o
                0x0000000017801440                cpu_reset
 .text.cpu_status
                0x0000000017801468       0x40 arch/arm/cpu/armv7/built-in.o
                0x0000000017801468                cpu_status
 .text.cpu_release
                0x00000000178014a8       0x80 arch/arm/cpu/armv7/built-in.o
                0x00000000178014a8                cpu_release
 .text.is_core_valid
                0x0000000017801528       0x1c arch/arm/cpu/armv7/built-in.o
                0x0000000017801528                is_core_valid
 .text.cpu_disable
                0x0000000017801544       0x28 arch/arm/cpu/armv7/built-in.o
                0x0000000017801544                cpu_disable
 .text.imx_iomux_v3_setup_pad
                0x000000001780156c       0xb8 arch/arm/imx-common/built-in.o
                0x000000001780156c                imx_iomux_v3_setup_pad
 .text.imx_iomux_v3_setup_multiple_pads
                0x0000000017801624       0x2c arch/arm/imx-common/built-in.o
                0x0000000017801624                imx_iomux_v3_setup_multiple_pads
 .text.imx_iomux_set_gpr_register
                0x0000000017801650       0x3c arch/arm/imx-common/built-in.o
                0x0000000017801650                imx_iomux_set_gpr_register
 .text.timer_init
                0x000000001780168c      0x108 arch/arm/imx-common/built-in.o
                0x000000001780168c                timer_init
 .text.get_ticks
                0x0000000017801794       0x44 arch/arm/imx-common/built-in.o
                0x0000000017801794                get_ticks
 .text.get_timer_masked
                0x00000000178017d8       0xdc arch/arm/imx-common/built-in.o
                0x00000000178017d8                get_timer_masked
 .text.get_timer
                0x00000000178018b4       0x14 arch/arm/imx-common/built-in.o
                0x00000000178018b4                get_timer
 .text.__udelay
                0x00000000178018c8      0x114 arch/arm/imx-common/built-in.o
                0x00000000178018c8                __udelay
 .text.get_tbclk
                0x00000000178019dc       0x80 arch/arm/imx-common/built-in.o
                0x00000000178019dc                get_tbclk
 .text.imx_ddr_size
                0x0000000017801a5c       0x64 arch/arm/imx-common/built-in.o
                0x0000000017801a5c                imx_ddr_size
 .text.get_imx_type
                0x0000000017801ac0       0x20 arch/arm/imx-common/built-in.o
                0x0000000017801ac0                get_imx_type
 .text.print_cpuinfo
                0x0000000017801ae0      0x210 arch/arm/imx-common/built-in.o
                0x0000000017801ae0                print_cpuinfo
 .text.cpu_eth_init
                0x0000000017801cf0        0x4 arch/arm/imx-common/built-in.o
                0x0000000017801cf0                cpu_eth_init
 .text.cpu_mmc_init
                0x0000000017801cf4        0x4 arch/arm/imx-common/built-in.o
                0x0000000017801cf4                cpu_mmc_init
 .text.get_ahb_clk
                0x0000000017801cf8       0x24 arch/arm/imx-common/built-in.o
                0x0000000017801cf8                get_ahb_clk
 .text.arch_preboot_os
                0x0000000017801d1c        0x4 arch/arm/imx-common/built-in.o
                0x0000000017801d1c                arch_preboot_os
 .text.get_clocks
                0x0000000017801d20       0x1c arch/arm/imx-common/built-in.o
                0x0000000017801d20                get_clocks
 .text.force_idle_bus
                0x0000000017801d3c      0x124 arch/arm/imx-common/built-in.o
 .text.setup_i2c
                0x0000000017801e60       0xe4 arch/arm/imx-common/built-in.o
                0x0000000017801e60                setup_i2c
 .text.board_video_skip
                0x0000000017801f44      0x170 arch/arm/imx-common/built-in.o
                0x0000000017801f44                board_video_skip
 .text.detect_hdmi
                0x00000000178020b4       0x18 arch/arm/imx-common/built-in.o
                0x00000000178020b4                detect_hdmi
 .text.create_usage
                0x00000000178020cc       0xa0 arch/arm/imx-common/built-in.o
 .text.do_boot_mode
                0x000000001780216c       0xcc arch/arm/imx-common/built-in.o
 .text.add_board_boot_modes
                0x0000000017802238       0x60 arch/arm/imx-common/built-in.o
                0x0000000017802238                add_board_boot_modes
 .text          0x0000000017802298       0xa8 arch/arm/lib/built-in.o
                0x0000000017802298                _main
 .text.relocate_vectors
                0x0000000017802340       0x70 arch/arm/lib/built-in.o
                0x0000000017802340                relocate_vectors
                0x000000001780234c                relocate_code
 .text.arch_fixup_fdt
                0x00000000178023b0       0x38 arch/arm/lib/built-in.o
                0x00000000178023b0                arch_fixup_fdt
 .text.boot_jump_linux
                0x00000000178023e8       0xb8 arch/arm/lib/built-in.o
 .text.arch_lmb_reserve
                0x00000000178024a0       0x24 arch/arm/lib/built-in.o
                0x00000000178024a0                arch_lmb_reserve
 .text.setup_board_tags
                0x00000000178024c4        0x4 arch/arm/lib/built-in.o
                0x00000000178024c4                setup_board_tags
 .text.boot_prep_linux
                0x00000000178024c8      0x194 arch/arm/lib/built-in.o
 .text.do_bootm_linux
                0x000000001780265c       0x5c arch/arm/lib/built-in.o
                0x000000001780265c                do_bootm_linux
 .text.bootz_setup
                0x00000000178026b8       0x60 arch/arm/lib/built-in.o
                0x00000000178026b8                bootz_setup
 .text.boot_prep_vxworks
                0x0000000017802718       0x50 arch/arm/lib/built-in.o
                0x0000000017802718                boot_prep_vxworks
 .text.boot_jump_vxworks
                0x0000000017802768        0xc arch/arm/lib/built-in.o
                0x0000000017802768                boot_jump_vxworks
 .text.pl310_background_op_all_ways
                0x0000000017802774       0x38 arch/arm/lib/built-in.o
 .text.v7_outer_cache_inval_all
                0x00000000178027ac        0xc arch/arm/lib/built-in.o
                0x00000000178027ac                v7_outer_cache_inval_all
 .text.v7_outer_cache_flush_all
                0x00000000178027b8        0xc arch/arm/lib/built-in.o
                0x00000000178027b8                v7_outer_cache_flush_all
 .text.v7_outer_cache_flush_range
                0x00000000178027c4       0x30 arch/arm/lib/built-in.o
                0x00000000178027c4                v7_outer_cache_flush_range
 .text.v7_outer_cache_inval_range
                0x00000000178027f4       0x80 arch/arm/lib/built-in.o
                0x00000000178027f4                v7_outer_cache_inval_range
 .text.arch_reserve_stacks
                0x0000000017802874       0x1c arch/arm/lib/built-in.o
                0x0000000017802874                arch_reserve_stacks
 .text.interrupt_init
                0x0000000017802890       0x1c arch/arm/lib/built-in.o
                0x0000000017802890                interrupt_init
 .text.enable_interrupts
                0x00000000178028ac        0x4 arch/arm/lib/built-in.o
                0x00000000178028ac                enable_interrupts
 .text.disable_interrupts
                0x00000000178028b0        0x8 arch/arm/lib/built-in.o
                0x00000000178028b0                disable_interrupts
 .text.bad_mode
                0x00000000178028b8       0x10 arch/arm/lib/built-in.o
                0x00000000178028b8                bad_mode
 .text.show_regs
                0x00000000178028c8      0x174 arch/arm/lib/built-in.o
                0x00000000178028c8                show_regs
 .text.do_undefined_instruction
                0x0000000017802a3c       0x20 arch/arm/lib/built-in.o
                0x0000000017802a3c                do_undefined_instruction
 .text.do_software_interrupt
                0x0000000017802a5c       0x20 arch/arm/lib/built-in.o
                0x0000000017802a5c                do_software_interrupt
 .text.do_prefetch_abort
                0x0000000017802a7c       0x20 arch/arm/lib/built-in.o
                0x0000000017802a7c                do_prefetch_abort
 .text.do_data_abort
                0x0000000017802a9c       0x20 arch/arm/lib/built-in.o
                0x0000000017802a9c                do_data_abort
 .text.do_not_used
                0x0000000017802abc       0x20 arch/arm/lib/built-in.o
                0x0000000017802abc                do_not_used
 .text.do_fiq   0x0000000017802adc       0x20 arch/arm/lib/built-in.o
                0x0000000017802adc                do_fiq
 .text.do_irq   0x0000000017802afc       0x20 arch/arm/lib/built-in.o
                0x0000000017802afc                do_irq
 .text.reset_misc
                0x0000000017802b1c        0x4 arch/arm/lib/built-in.o
                0x0000000017802b1c                reset_misc
 .text.do_reset
                0x0000000017802b20       0x30 arch/arm/lib/built-in.o
                0x0000000017802b20                do_reset
 .text.cp_delay
                0x0000000017802b50       0x30 arch/arm/lib/built-in.o
 .text.arm_init_domains
                0x0000000017802b80        0x4 arch/arm/lib/built-in.o
                0x0000000017802b80                arm_init_domains
 .text.set_section_dcache
                0x0000000017802b84       0x14 arch/arm/lib/built-in.o
                0x0000000017802b84                set_section_dcache
 .text.mmu_set_region_dcache_behaviour
                0x0000000017802b98       0x50 arch/arm/lib/built-in.o
                0x0000000017802b98                mmu_set_region_dcache_behaviour
 .text.dram_bank_mmu_setup
                0x0000000017802be8       0x44 arch/arm/lib/built-in.o
                0x0000000017802be8                dram_bank_mmu_setup
 .text.icache_enable
                0x0000000017802c2c       0x18 arch/arm/lib/built-in.o
                0x0000000017802c2c                icache_enable
 .text.icache_disable
                0x0000000017802c44       0x1c arch/arm/lib/built-in.o
                0x0000000017802c44                icache_disable
 .text.icache_status
                0x0000000017802c60        0xc arch/arm/lib/built-in.o
                0x0000000017802c60                icache_status
 .text.dcache_enable
                0x0000000017802c6c       0x6c arch/arm/lib/built-in.o
                0x0000000017802c6c                dcache_enable
 .text.dcache_disable
                0x0000000017802cd8       0x2c arch/arm/lib/built-in.o
                0x0000000017802cd8                dcache_disable
 .text.dcache_status
                0x0000000017802d04        0xc arch/arm/lib/built-in.o
                0x0000000017802d04                dcache_status
 .text.enable_lvds
                0x0000000017802d10       0x14 board/freescale/mx6sabresd/built-in.o
 .text.enable_rgb
                0x0000000017802d24       0x24 board/freescale/mx6sabresd/built-in.o
 .text.do_enable_hdmi
                0x0000000017802d48       0x18 board/freescale/mx6sabresd/built-in.o
 .text.dram_init
                0x0000000017802d60       0x18 board/freescale/mx6sabresd/built-in.o
                0x0000000017802d60                dram_init
 .text.board_mmc_getcd
                0x0000000017802d78       0x4c board/freescale/mx6sabresd/built-in.o
                0x0000000017802d78                board_mmc_getcd
 .text.board_mmc_init
                0x0000000017802dc4       0x7c board/freescale/mx6sabresd/built-in.o
                0x0000000017802dc4                board_mmc_init
 .text.mx6_rgmii_rework
                0x0000000017802e40       0xb4 board/freescale/mx6sabresd/built-in.o
                0x0000000017802e40                mx6_rgmii_rework
 .text.board_phy_config
                0x0000000017802ef4       0x2c board/freescale/mx6sabresd/built-in.o
                0x0000000017802ef4                board_phy_config
 .text.overwrite_console
                0x0000000017802f20        0x8 board/freescale/mx6sabresd/built-in.o
                0x0000000017802f20                overwrite_console
 .text.board_eth_init
                0x0000000017802f28       0x54 board/freescale/mx6sabresd/built-in.o
                0x0000000017802f28                board_eth_init
 .text.board_ehci_hcd_init
                0x0000000017802f7c       0x28 board/freescale/mx6sabresd/built-in.o
                0x0000000017802f7c                board_ehci_hcd_init
 .text.board_ehci_power
                0x0000000017802fa4       0x4c board/freescale/mx6sabresd/built-in.o
                0x0000000017802fa4                board_ehci_power
 .text.board_early_init_f
                0x0000000017802ff0       0x8c board/freescale/mx6sabresd/built-in.o
                0x0000000017802ff0                board_early_init_f
 .text.board_init
                0x000000001780307c       0x7c board/freescale/mx6sabresd/built-in.o
                0x000000001780307c                board_init
 .text.power_init_board
                0x00000000178030f8        0x8 board/freescale/mx6sabresd/built-in.o
                0x00000000178030f8                power_init_board
 .text.board_spi_cs_gpio
                0x0000000017803100       0x10 board/freescale/mx6sabresd/built-in.o
                0x0000000017803100                board_spi_cs_gpio
 .text.board_late_init
                0x0000000017803110       0x2c board/freescale/mx6sabresd/built-in.o
                0x0000000017803110                board_late_init
 .text.checkboard
                0x000000001780313c       0x18 board/freescale/mx6sabresd/built-in.o
                0x000000001780313c                checkboard
 .text.show_boot_progress
                0x0000000017803154        0x4 common/built-in.o
                0x0000000017803154                show_boot_progress
 .text.main_loop
                0x0000000017803158       0x20 common/built-in.o
                0x0000000017803158                main_loop
 .text.dummy    0x0000000017803178        0x4 common/built-in.o
 .text.get_version
                0x000000001780317c        0x8 common/built-in.o
                0x000000001780317c                get_version
 .text.jumptable_init
                0x0000000017803184      0x1c0 common/built-in.o
                0x0000000017803184                jumptable_init
 .text.hash_command
                0x0000000017803344       0xb4 common/built-in.o
                0x0000000017803344                hash_command
 .text.b_reset  0x00000000178033f8       0x1c common/built-in.o
 .text.static_get
                0x0000000017803414       0x1c common/built-in.o
 .text.static_peek
                0x0000000017803430        0xc common/built-in.o
 .text.file_peek
                0x000000001780343c        0xc common/built-in.o
 .text.mapset   0x0000000017803448       0x20 common/built-in.o
 .text.syntax_err
                0x0000000017803468        0xc common/built-in.o
 .text.free_pipe_list
                0x0000000017803474       0xf0 common/built-in.o
 .text.xmalloc  0x0000000017803564       0x20 common/built-in.o
 .text.new_pipe
                0x0000000017803584       0x28 common/built-in.o
 .text.xrealloc
                0x00000000178035ac       0x20 common/built-in.o
 .text.done_command
                0x00000000178035cc       0x88 common/built-in.o
 .text.done_pipe
                0x0000000017803654       0x48 common/built-in.o
 .text.done_word
                0x000000001780369c      0x2d8 common/built-in.o
 .text.do_showvar
                0x0000000017803974       0xfc common/built-in.o
 .text.is_assignment
                0x0000000017803a70       0x5c common/built-in.o
 .text.file_get
                0x0000000017803acc      0x1ec common/built-in.o
 .text.b_addchr
                0x0000000017803cb8       0x78 common/built-in.o
 .text.b_addqchr
                0x0000000017803d30       0x50 common/built-in.o
 .text.get_local_var
                0x0000000017803d80       0xa0 common/built-in.o
                0x0000000017803d80                get_local_var
 .text.set_local_var
                0x0000000017803e20      0x1ac common/built-in.o
                0x0000000017803e20                set_local_var
 .text.insert_var_value_sub
                0x0000000017803fcc      0x2c0 common/built-in.o
 .text.parse_string_outer
                0x000000001780428c       0xe4 common/built-in.o
                0x000000001780428c                parse_string_outer
 .text.run_list_real
                0x0000000017804370      0x7e4 common/built-in.o
 .text.parse_stream_outer
                0x0000000017804b54      0x6d4 common/built-in.o
 .text.parse_file_outer
                0x0000000017805228       0x44 common/built-in.o
                0x0000000017805228                parse_file_outer
 .text.u_boot_hush_start
                0x000000001780526c       0x54 common/built-in.o
                0x000000001780526c                u_boot_hush_start
 .text.bootdelay_process
                0x00000000178052c0       0x50 common/built-in.o
                0x00000000178052c0                bootdelay_process
 .text.autoboot_command
                0x0000000017805310       0xd0 common/built-in.o
                0x0000000017805310                autoboot_command
 .text.display_text_info
                0x00000000178053e0        0x8 common/built-in.o
 .text.setup_mon_len
                0x00000000178053e8       0x20 common/built-in.o
 .text.setup_fdt
                0x0000000017805408        0x8 common/built-in.o
 .text.reserve_round_4k
                0x0000000017805410       0x18 common/built-in.o
 .text.reserve_mmu
                0x0000000017805428       0x38 common/built-in.o
 .text.reserve_trace
                0x0000000017805460        0x8 common/built-in.o
 .text.reserve_uboot
                0x0000000017805468       0x30 common/built-in.o
 .text.reserve_malloc
                0x0000000017805498       0x18 common/built-in.o
 .text.setup_machine
                0x00000000178054b0       0x14 common/built-in.o
 .text.reserve_global_data
                0x00000000178054c4       0x1c common/built-in.o
 .text.reserve_fdt
                0x00000000178054e0       0x4c common/built-in.o
 .text.display_new_sp
                0x000000001780552c        0x8 common/built-in.o
 .text.initf_malloc
                0x0000000017805534       0x1c common/built-in.o
 .text.reserve_arch
                0x0000000017805550        0x8 common/built-in.o
                0x0000000017805550                reserve_arch
 .text.setup_reloc
                0x0000000017805558       0x28 common/built-in.o
 .text.reloc_fdt
                0x0000000017805580       0x30 common/built-in.o
 .text.announce_dram_init
                0x00000000178055b0       0x18 common/built-in.o
 .text.init_func_i2c
                0x00000000178055c8       0x28 common/built-in.o
 .text.init_baud_rate
                0x00000000178055f0       0x2c common/built-in.o
 .text.initf_dm
                0x000000001780561c        0x8 common/built-in.o
 .text.mark_bootstage
                0x0000000017805624       0x14 common/built-in.o
 .text.reserve_board
                0x0000000017805638       0x38 common/built-in.o
 .text.coloured_LED_init
                0x0000000017805670        0x4 common/built-in.o
                0x0000000017805670                coloured_LED_init
 .text.red_led_on
                0x0000000017805674        0x4 common/built-in.o
                0x0000000017805674                red_led_on
 .text.board_add_ram_info
                0x0000000017805678        0x4 common/built-in.o
                0x0000000017805678                board_add_ram_info
 .text.show_dram_config
                0x000000001780567c       0x38 common/built-in.o
 .text.dram_init_banksize
                0x00000000178056b4       0x20 common/built-in.o
                0x00000000178056b4                dram_init_banksize
 .text.setup_dram_config
                0x00000000178056d4       0x10 common/built-in.o
 .text.board_get_usable_ram_top
                0x00000000178056e4       0x14 common/built-in.o
                0x00000000178056e4                board_get_usable_ram_top
 .text.setup_dest_addr
                0x00000000178056f8       0x3c common/built-in.o
 .text.reserve_stacks
                0x0000000017805734       0x1c common/built-in.o
 .text.board_init_f
                0x0000000017805750       0x28 common/built-in.o
                0x0000000017805750                board_init_f
 .text.bootstage_relocate
                0x0000000017805778        0x8 common/built-in.o
 .text.initr_trace
                0x0000000017805780        0x8 common/built-in.o
 .text.initr_reloc_global_data
                0x0000000017805788       0x28 common/built-in.o
 .text.initr_barrier
                0x00000000178057b0        0x8 common/built-in.o
 .text.initr_announce
                0x00000000178057b8        0x8 common/built-in.o
 .text.run_main_loop
                0x00000000178057c0        0xc common/built-in.o
 .text.initr_net
                0x00000000178057cc       0x20 common/built-in.o
 .text.initr_ethaddr
                0x00000000178057ec       0x20 common/built-in.o
 .text.initr_enable_interrupts
                0x000000001780580c       0x10 common/built-in.o
 .text.initr_jumptable
                0x000000001780581c       0x10 common/built-in.o
 .text.initr_pci
                0x000000001780582c       0x10 common/built-in.o
 .text.initr_env
                0x000000001780583c       0x30 common/built-in.o
 .text.initr_mmc
                0x000000001780586c       0x20 common/built-in.o
 .text.initr_serial
                0x000000001780588c       0x10 common/built-in.o
 .text.initr_dm
                0x000000001780589c       0x14 common/built-in.o
 .text.initr_malloc
                0x00000000178058b0       0x24 common/built-in.o
 .text.initr_caches
                0x00000000178058d4       0x10 common/built-in.o
 .text.initr_reloc
                0x00000000178058e4       0x24 common/built-in.o
 .text.cpu_secondary_init_r
                0x0000000017805908        0x4 common/built-in.o
                0x0000000017805908                cpu_secondary_init_r
 .text.initr_secondary_cpu
                0x000000001780590c       0x10 common/built-in.o
 .text.board_init_r
                0x000000001780591c       0x14 common/built-in.o
                0x000000001780591c                board_init_r
 .text.show_board_info
                0x0000000017805930        0x4 common/built-in.o
                0x0000000017805930                show_board_info
 .text.do_go_exec
                0x0000000017805934       0x10 common/built-in.o
                0x0000000017805934                do_go_exec
 .text.do_go    0x0000000017805944       0x6c common/built-in.o
 .text.do_bootm
                0x00000000178059b0      0x118 common/built-in.o
                0x00000000178059b0                do_bootm
 .text.do_bootd
                0x0000000017805ac8       0x20 common/built-in.o
                0x0000000017805ac8                do_bootd
 .text.image_info
                0x0000000017805ae8       0xcc common/built-in.o
 .text.do_iminfo
                0x0000000017805bb4       0x60 common/built-in.o
 .text.bootm_maybe_autostart
                0x0000000017805c14       0x78 common/built-in.o
                0x0000000017805c14                bootm_maybe_autostart
 .text.do_bootz
                0x0000000017805c8c       0xf8 common/built-in.o
                0x0000000017805c8c                do_bootz
 .text.bootm_find_ramdisk_fdt
                0x0000000017805d84       0xa8 common/built-in.o
                0x0000000017805d84                bootm_find_ramdisk_fdt
 .text.bootm_decomp_image
                0x0000000017805e2c      0x150 common/built-in.o
                0x0000000017805e2c                bootm_decomp_image
 .text.bootm_disable_interrupts
                0x0000000017805f7c       0x18 common/built-in.o
                0x0000000017805f7c                bootm_disable_interrupts
 .text.do_bootm_states
                0x0000000017805f94      0x74c common/built-in.o
                0x0000000017805f94                do_bootm_states
 .text.copy_args
                0x00000000178066e0       0x50 common/built-in.o
 .text.do_bootm_rtems
                0x0000000017806730       0x40 common/built-in.o
 .text.do_bootm_plan9
                0x0000000017806770       0xa4 common/built-in.o
 .text.do_bootm_standalone
                0x0000000017806814       0x64 common/built-in.o
 .text.do_bootm_netbsd
                0x0000000017806878       0xf8 common/built-in.o
 .text.do_bootvx_fdt
                0x0000000017806970      0x10c common/built-in.o
                0x0000000017806970                do_bootvx_fdt
 .text.do_bootm_vxworks
                0x0000000017806a7c       0x24 common/built-in.o
 .text.boot_selected_os
                0x0000000017806aa0       0x58 common/built-in.o
                0x0000000017806aa0                boot_selected_os
 .text.bootm_os_get_boot_func
                0x0000000017806af8       0x10 common/built-in.o
                0x0000000017806af8                bootm_os_get_boot_func
 .text.do_help  0x0000000017806b08       0x48 common/built-in.o
 .text.do_version
                0x0000000017806b50       0x38 common/built-in.o
 .text.env_attr_walk
                0x0000000017806b88      0x114 common/built-in.o
                0x0000000017806b88                env_attr_walk
 .text.env_attr_lookup
                0x0000000017806c9c      0x18c common/built-in.o
                0x0000000017806c9c                env_attr_lookup
 .text.clear_callback
                0x0000000017806e28       0x10 common/built-in.o
 .text.find_env_callback
                0x0000000017806e38       0x68 common/built-in.o
 .text.on_callbacks
                0x0000000017806ea0       0x48 common/built-in.o
 .text.set_callback
                0x0000000017806ee8       0x94 common/built-in.o
 .text.env_callback_init
                0x0000000017806f7c       0xc4 common/built-in.o
                0x0000000017806f7c                env_callback_init
 .text.skip_num
                0x0000000017807040       0x70 common/built-in.o
 .text.clear_flags
                0x00000000178070b0       0x10 common/built-in.o
 .text.on_flags
                0x00000000178070c0       0x48 common/built-in.o
 .text.env_flags_parse_vartype
                0x0000000017807108       0x50 common/built-in.o
                0x0000000017807108                env_flags_parse_vartype
 .text.env_flags_parse_varaccess
                0x0000000017807158       0x58 common/built-in.o
                0x0000000017807158                env_flags_parse_varaccess
 .text.set_flags
                0x00000000178071b0       0xac common/built-in.o
 .text.env_flags_init
                0x000000001780725c       0xd8 common/built-in.o
                0x000000001780725c                env_flags_init
 .text.env_flags_validate
                0x0000000017807334      0x324 common/built-in.o
                0x0000000017807334                env_flags_validate
 .text.init_mmc_for_env
                0x0000000017807658       0x34 common/built-in.o
 .text.mmc_get_env_addr
                0x000000001780768c       0x10 common/built-in.o
                0x000000001780768c                mmc_get_env_addr
 .text.env_init
                0x000000001780769c       0x1c common/built-in.o
                0x000000001780769c                env_init
 .text.saveenv  0x00000000178076b8       0xf4 common/built-in.o
                0x00000000178076b8                saveenv
 .text.env_relocate_spec
                0x00000000178077ac       0xbc common/built-in.o
                0x00000000178077ac                env_relocate_spec
 .text.source   0x0000000017807868       0xd8 common/built-in.o
                0x0000000017807868                source
 .text.do_source
                0x0000000017807940       0x44 common/built-in.o
 .text.print_num
                0x0000000017807984       0x18 common/built-in.o
 .text.do_bdinfo
                0x000000001780799c      0x18c common/built-in.o
 .text.parse_argv
                0x0000000017807b28       0x64 common/built-in.o
 .text.do_icache
                0x0000000017807b8c       0x88 common/built-in.o
 .text.do_dcache
                0x0000000017807c14       0x88 common/built-in.o
 .text.do_coninfo
                0x0000000017807c9c       0xbc common/built-in.o
 .text.do_echo  0x0000000017807d58       0xb0 common/built-in.o
 .text.do_exit  0x0000000017807e08       0x30 common/built-in.o
 .text.do_ext4_size
                0x0000000017807e38       0x18 common/built-in.o
                0x0000000017807e38                do_ext4_size
 .text.do_ext4_load
                0x0000000017807e50       0x18 common/built-in.o
                0x0000000017807e50                do_ext4_load
 .text.do_ext4_ls
                0x0000000017807e68       0x18 common/built-in.o
                0x0000000017807e68                do_ext4_ls
 .text.do_ext4_write
                0x0000000017807e80       0x18 common/built-in.o
                0x0000000017807e80                do_ext4_write
 .text.do_ext2load
                0x0000000017807e98       0x18 common/built-in.o
                0x0000000017807e98                do_ext2load
 .text.do_ext2ls
                0x0000000017807eb0       0x18 common/built-in.o
 .text.do_fat_size
                0x0000000017807ec8       0x18 common/built-in.o
                0x0000000017807ec8                do_fat_size
 .text.do_fat_fsload
                0x0000000017807ee0       0x18 common/built-in.o
                0x0000000017807ee0                do_fat_fsload
 .text.do_fat_ls
                0x0000000017807ef8       0x18 common/built-in.o
 .text.do_fat_fsinfo
                0x0000000017807f10       0x90 common/built-in.o
 .text.fdt_valid
                0x0000000017807fa0       0xbc common/built-in.o
 .text.is_printable_string
                0x000000001780805c       0x98 common/built-in.o
 .text.print_data
                0x00000000178080f4      0x174 common/built-in.o
 .text.set_working_fdt_addr
                0x0000000017808268       0x1c common/built-in.o
                0x0000000017808268                set_working_fdt_addr
 .text.do_fdt   0x0000000017808284      0xe90 common/built-in.o
 .text.fdt_find_and_setprop
                0x0000000017809114       0x70 common/built-in.o
                0x0000000017809114                fdt_find_and_setprop
 .text.fdt_find_or_add_subnode
                0x0000000017809184       0x68 common/built-in.o
                0x0000000017809184                fdt_find_or_add_subnode
 .text.fdt_initrd
                0x00000000178091ec      0x1d0 common/built-in.o
                0x00000000178091ec                fdt_initrd
 .text.fdt_chosen
                0x00000000178093bc       0xa8 common/built-in.o
                0x00000000178093bc                fdt_chosen
 .text.do_fixup_by_path
                0x0000000017809464       0x54 common/built-in.o
                0x0000000017809464                do_fixup_by_path
 .text.fdt_fixup_memory_banks
                0x00000000178094b8      0x1a4 common/built-in.o
                0x00000000178094b8                fdt_fixup_memory_banks
 .text.fdt_fixup_memory
                0x000000001780965c       0x20 common/built-in.o
                0x000000001780965c                fdt_fixup_memory
 .text.fdt_fixup_ethernet
                0x000000001780967c      0x158 common/built-in.o
                0x000000001780967c                fdt_fixup_ethernet
 .text.fdt_shrink_to_minimum
                0x00000000178097d4       0xcc common/built-in.o
                0x00000000178097d4                fdt_shrink_to_minimum
 .text.do_flinfo
                0x00000000178098a0        0x8 common/built-in.o
 .text.do_flerase
                0x00000000178098a8        0x8 common/built-in.o
 .text.do_protect
                0x00000000178098b0       0x10 common/built-in.o
 .text.strtou32
                0x00000000178098c0       0x48 common/built-in.o
 .text.do_fuse  0x0000000017809908      0x360 common/built-in.o
 .text.do_i2c   0x0000000017809c68       0x64 common/built-in.o
 .text.do_i2c_reset
                0x0000000017809ccc       0x30 common/built-in.o
 .text.do_i2c_probe
                0x0000000017809cfc       0x9c common/built-in.o
 .text.do_i2c_bus_num
                0x0000000017809d98       0xb8 common/built-in.o
 .text.do_i2c_bus_speed
                0x0000000017809e50       0x74 common/built-in.o
 .text.do_i2c_show_bus
                0x0000000017809ec4       0xd8 common/built-in.o
 .text.get_alen.constprop.5
                0x0000000017809f9c       0x3c common/built-in.o
 .text.do_i2c_crc
                0x0000000017809fd8      0x124 common/built-in.o
 .text.do_i2c_read
                0x000000001780a0fc       0xbc common/built-in.o
 .text.do_i2c_md
                0x000000001780a1b8      0x1e8 common/built-in.o
 .text.do_i2c_mw
                0x000000001780a3a0      0x100 common/built-in.o
 .text.do_i2c_write
                0x000000001780a4a0      0x14c common/built-in.o
 .text.mod_i2c_mem.isra.4
                0x000000001780a5ec      0x208 common/built-in.o
 .text.do_i2c_nm
                0x000000001780a7f4        0x8 common/built-in.o
 .text.do_i2c_mm
                0x000000001780a7fc        0x8 common/built-in.o
 .text.do_i2c_loop
                0x000000001780a804       0xe4 common/built-in.o
 .text.i2c_init_board
                0x000000001780a8e8        0x4 common/built-in.o
                0x000000001780a8e8                i2c_init_board
 .text.evalexp  0x000000001780a8ec       0x74 common/built-in.o
 .text.evalstr  0x000000001780a960       0x6c common/built-in.o
 .text.binary_test
                0x000000001780a9cc      0x1b0 common/built-in.o
 .text.do_itest
                0x000000001780ab7c       0x98 common/built-in.o
 .text.bin_data_init
                0x000000001780ac14       0x2c common/built-in.o
 .text.k_data_save
                0x000000001780ac40       0x4c common/built-in.o
 .text.k_data_restore
                0x000000001780ac8c       0x4c common/built-in.o
 .text.getcxmodem
                0x000000001780acd8       0x20 common/built-in.o
 .text.load_serial_ymodem
                0x000000001780acf8       0xcc common/built-in.o
 .text.bin_data_char
                0x000000001780adc4       0x2c common/built-in.o
 .text.chk1.constprop.1
                0x000000001780adf0       0x2c common/built-in.o
 .text.s1_sendpacket.constprop.2
                0x000000001780ae1c       0x50 common/built-in.o
 .text.load_serial
                0x000000001780ae6c      0x1e0 common/built-in.o
 .text.do_load_serial
                0x000000001780b04c       0xdc common/built-in.o
 .text.do_load_serial_bin
                0x000000001780b128      0x7b0 common/built-in.o
 .text.do_mem_mw
                0x000000001780b8d8       0xc0 common/built-in.o
 .text.do_mem_loop
                0x000000001780b998       0xec common/built-in.o
 .text.do_mem_md
                0x000000001780ba84       0xec common/built-in.o
 .text.do_mem_cmp
                0x000000001780bb70      0x16c common/built-in.o
 .text.do_mem_base
                0x000000001780bcdc       0x40 common/built-in.o
 .text.do_mem_cp
                0x000000001780bd1c       0xd8 common/built-in.o
 .text.do_mem_crc
                0x000000001780bdf4       0x48 common/built-in.o
 .text.mod_mem.isra.2
                0x000000001780be3c      0x164 common/built-in.o
 .text.do_mem_mm
                0x000000001780bfa0        0x8 common/built-in.o
 .text.do_mem_nm
                0x000000001780bfa8        0x8 common/built-in.o
 .text.miiphy_get_dev_by_name
                0x000000001780bfb0       0x60 common/built-in.o
                0x000000001780bfb0                miiphy_get_dev_by_name
 .text.miiphy_init
                0x000000001780c010       0x24 common/built-in.o
                0x000000001780c010                miiphy_init
 .text.mdio_alloc
                0x000000001780c034       0x30 common/built-in.o
                0x000000001780c034                mdio_alloc
 .text.mdio_register
                0x000000001780c064       0xa0 common/built-in.o
                0x000000001780c064                mdio_register
 .text.mdio_list_devices
                0x000000001780c104       0x98 common/built-in.o
                0x000000001780c104                mdio_list_devices
 .text.miiphy_set_current_dev
                0x000000001780c19c       0x40 common/built-in.o
                0x000000001780c19c                miiphy_set_current_dev
 .text.miiphy_get_active_dev
                0x000000001780c1dc       0x54 common/built-in.o
 .text.mdio_get_current_dev
                0x000000001780c230       0x10 common/built-in.o
                0x000000001780c230                mdio_get_current_dev
 .text.mdio_phydev_for_ethname
                0x000000001780c240       0x88 common/built-in.o
                0x000000001780c240                mdio_phydev_for_ethname
 .text.miiphy_get_current_dev
                0x000000001780c2c8       0x18 common/built-in.o
                0x000000001780c2c8                miiphy_get_current_dev
 .text.miiphy_read
                0x000000001780c2e0       0x4c common/built-in.o
                0x000000001780c2e0                miiphy_read
 .text.miiphy_write
                0x000000001780c32c       0x40 common/built-in.o
                0x000000001780c32c                miiphy_write
 .text.miiphy_listdev
                0x000000001780c36c       0x74 common/built-in.o
                0x000000001780c36c                miiphy_listdev
 .text.miiphy_info
                0x000000001780c3e0       0x88 common/built-in.o
                0x000000001780c3e0                miiphy_info
 .text.miiphy_speed
                0x000000001780c468       0x94 common/built-in.o
                0x000000001780c468                miiphy_speed
 .text.miiphy_duplex
                0x000000001780c4fc       0x94 common/built-in.o
                0x000000001780c4fc                miiphy_duplex
 .text.miiphy_is_1000base_x
                0x000000001780c590        0x8 common/built-in.o
                0x000000001780c590                miiphy_is_1000base_x
 .text.extract_range
                0x000000001780c598       0xe4 common/built-in.o
 .text.do_mii   0x000000001780c67c      0x7a4 common/built-in.o
 .text.do_mdio  0x000000001780ce20      0x4b8 common/built-in.o
 .text.do_sleep
                0x000000001780d2d8       0x70 common/built-in.o
 .text.do_mmcops
                0x000000001780d348       0xb4 common/built-in.o
 .text.init_mmc_device
                0x000000001780d3fc       0x54 common/built-in.o
 .text.do_mmc_rescan
                0x000000001780d450       0x24 common/built-in.o
 .text.do_mmc_rst_func
                0x000000001780d474       0xa0 common/built-in.o
 .text.do_mmc_partconf
                0x000000001780d514       0xb4 common/built-in.o
 .text.do_mmc_boot_resize
                0x000000001780d5c8       0xcc common/built-in.o
 .text.do_mmc_bootbus
                0x000000001780d694       0xb4 common/built-in.o
 .text.do_mmc_hwpartition
                0x000000001780d748      0x51c common/built-in.o
 .text.do_mmc_list
                0x000000001780dc64       0x14 common/built-in.o
 .text.do_mmc_dev
                0x000000001780dc78      0x134 common/built-in.o
 .text.do_mmc_part
                0x000000001780ddac       0x5c common/built-in.o
 .text.do_mmc_erase
                0x000000001780de08       0xe8 common/built-in.o
 .text.do_mmc_write
                0x000000001780def0      0x100 common/built-in.o
 .text.do_mmc_read
                0x000000001780dff0       0xec common/built-in.o
 .text.do_mmcinfo
                0x000000001780e0dc      0x370 common/built-in.o
 .text.do_mmc_setdsr
                0x000000001780e44c       0xb0 common/built-in.o
 .text.cpu_cmd  0x000000001780e4fc      0x110 common/built-in.o
 .text.netboot_common
                0x000000001780e60c      0x294 common/built-in.o
 .text.do_bootp
                0x000000001780e8a0        0xc common/built-in.o
 .text.do_dhcp  0x000000001780e8ac        0xc common/built-in.o
 .text.do_nfs   0x000000001780e8b8        0xc common/built-in.o
 .text.do_tftpb
                0x000000001780e8c4       0x40 common/built-in.o
                0x000000001780e8c4                do_tftpb
 .text.do_ping  0x000000001780e904       0x7c common/built-in.o
 .text.pci_cfg_write
                0x000000001780e980       0x3c common/built-in.o
 .text.pci_cfg_modify.isra.0
                0x000000001780e9bc      0x128 common/built-in.o
 .text.pci_header_show_brief
                0x000000001780eae4       0x80 common/built-in.o
                0x000000001780eae4                pci_header_show_brief
 .text.pci_header_show
                0x000000001780eb64      0x8f0 common/built-in.o
                0x000000001780eb64                pci_header_show
 .text.pciinfo  0x000000001780f454      0x15c common/built-in.o
                0x000000001780f454                pciinfo
 .text.do_pci   0x000000001780f5b0      0x3c0 common/built-in.o
 .text.bytes_per_second
                0x000000001780f970       0x50 common/built-in.o
 .text.do_spi_flash
                0x000000001780f9c0      0x748 common/built-in.o
 .text.get_arg  0x0000000017810108       0x58 common/built-in.o
 .text.do_setexpr
                0x0000000017810160      0x140 common/built-in.o
 .text.do_false
                0x00000000178102a0        0x8 common/built-in.o
 .text.do_true  0x00000000178102a8        0x8 common/built-in.o
 .text.do_test  0x00000000178102b0      0x33c common/built-in.o
 .text.usb_get_class_desc
                0x00000000178105ec       0xbc common/built-in.o
 .text.usb_display_class_sub
                0x00000000178106a8      0x170 common/built-in.o
 .text.usb_find_device
                0x0000000017810818       0x3c common/built-in.o
 .text.usb_show_tree_graph
                0x0000000017810854      0x21c common/built-in.o
 .text.usb_display_string
                0x0000000017810a70       0x44 common/built-in.o
 .text.usb_display_config
                0x0000000017810ab4      0x20c common/built-in.o
 .text.do_usbboot
                0x0000000017810cc0        0xc common/built-in.o
 .text.do_usb_start
                0x0000000017810ccc       0x44 common/built-in.o
 .text.usb_display_desc.part.3
                0x0000000017810d10      0x12c common/built-in.o
 .text.do_usb   0x0000000017810e3c      0x780 common/built-in.o
 .text.usb_set_maxpacket_ep
                0x00000000178115bc       0x70 common/built-in.o
 .text.usb_stop
                0x000000001781162c       0x64 common/built-in.o
                0x000000001781162c                usb_stop
 .text.usb_disable_asynch
                0x0000000017811690       0x20 common/built-in.o
                0x0000000017811690                usb_disable_asynch
 .text.usb_control_msg
                0x00000000178116b0       0xc4 common/built-in.o
                0x00000000178116b0                usb_control_msg
 .text.usb_get_descriptor
                0x0000000017811774       0x50 common/built-in.o
 .text.usb_get_string
                0x00000000178117c4       0x6c common/built-in.o
 .text.usb_string_sub
                0x0000000017811830      0x108 common/built-in.o
 .text.usb_bulk_msg
                0x0000000017811938       0x74 common/built-in.o
                0x0000000017811938                usb_bulk_msg
 .text.usb_maxpacket
                0x00000000178119ac       0x1c common/built-in.o
                0x00000000178119ac                usb_maxpacket
 .text.usb_clear_halt
                0x00000000178119c8       0x8c common/built-in.o
                0x00000000178119c8                usb_clear_halt
 .text.usb_get_configuration_no
                0x0000000017811a54       0xbc common/built-in.o
                0x0000000017811a54                usb_get_configuration_no
 .text.usb_set_interface
                0x0000000017811b10       0xa8 common/built-in.o
                0x0000000017811b10                usb_set_interface
 .text.usb_string
                0x0000000017811bb8      0x100 common/built-in.o
                0x0000000017811bb8                usb_string
 .text.usb_get_dev_index
                0x0000000017811cb8       0x24 common/built-in.o
                0x0000000017811cb8                usb_get_dev_index
 .text.usb_alloc_new_device
                0x0000000017811cdc       0x94 common/built-in.o
                0x0000000017811cdc                usb_alloc_new_device
 .text.usb_free_device
                0x0000000017811d70       0x48 common/built-in.o
                0x0000000017811d70                usb_free_device
 .text.usb_alloc_device
                0x0000000017811db8        0x8 common/built-in.o
                0x0000000017811db8                usb_alloc_device
 .text.usb_new_device
                0x0000000017811dc0      0x5c8 common/built-in.o
                0x0000000017811dc0                usb_new_device
 .text.usb_init
                0x0000000017812388      0x12c common/built-in.o
                0x0000000017812388                usb_init
 .text.board_usb_init
                0x00000000178124b4        0x8 common/built-in.o
                0x00000000178124b4                board_usb_init
 .text.usb_set_port_feature
                0x00000000178124bc       0x4c common/built-in.o
 .text.usb_hub_power_on
                0x0000000017812508       0x44 common/built-in.o
 .text.usb_get_port_status
                0x000000001781254c       0x4c common/built-in.o
 .text.usb_clear_port_feature
                0x0000000017812598       0x4c common/built-in.o
 .text.usb_get_hub_descriptor
                0x00000000178125e4       0x50 common/built-in.o
 .text.usb_hub_reset_devices
                0x0000000017812634        0x4 common/built-in.o
                0x0000000017812634                usb_hub_reset_devices
 .text.usb_hub_reset
                0x0000000017812638       0x14 common/built-in.o
                0x0000000017812638                usb_hub_reset
 .text.hub_port_reset
                0x000000001781264c       0x98 common/built-in.o
                0x000000001781264c                hub_port_reset
 .text.usb_hub_port_connect_change
                0x00000000178126e4      0x120 common/built-in.o
                0x00000000178126e4                usb_hub_port_connect_change
 .text.usb_hub_configure
                0x0000000017812804      0x2d8 common/built-in.o
 .text.usb_hub_probe
                0x0000000017812adc       0x58 common/built-in.o
                0x0000000017812adc                usb_hub_probe
 .text.usb_stor_irq
                0x0000000017812b34       0x1c common/built-in.o
 .text.usb_stor_BBB_reset
                0x0000000017812b50       0xd0 common/built-in.o
 .text.usb_stor_CB_reset
                0x0000000017812c20       0xcc common/built-in.o
 .text.usb_stor_BBB_clear_endpt_stall.isra.2
                0x0000000017812cec       0x40 common/built-in.o
 .text.usb_stor_BBB_transport
                0x0000000017812d2c      0x26c common/built-in.o
 .text.usb_stor_CB_comdat
                0x0000000017812f98      0x208 common/built-in.o
 .text.usb_stor_CBI_get_status.isra.4
                0x00000000178131a0       0xc8 common/built-in.o
 .text.usb_stor_CB_transport
                0x0000000017813268      0x228 common/built-in.o
 .text.usb_request_sense.constprop.10
                0x0000000017813490       0x70 common/built-in.o
 .text.usb_stor_write
                0x0000000017813500      0x1cc common/built-in.o
                0x0000000017813500                usb_stor_write
 .text.usb_stor_read
                0x00000000178136cc      0x1cc common/built-in.o
                0x00000000178136cc                usb_stor_read
 .text.usb_stor_get_dev
                0x0000000017813898       0x28 common/built-in.o
                0x0000000017813898                usb_stor_get_dev
 .text.usb_stor_info
                0x00000000178138c0       0x74 common/built-in.o
                0x00000000178138c0                usb_stor_info
 .text.usb_storage_probe
                0x0000000017813934      0x208 common/built-in.o
                0x0000000017813934                usb_storage_probe
 .text.usb_stor_get_info
                0x0000000017813b3c      0x324 common/built-in.o
                0x0000000017813b3c                usb_stor_get_info
 .text.usb_stor_scan
                0x0000000017813e60      0x200 common/built-in.o
                0x0000000017813e60                usb_stor_scan
 .text.ums_read_sector
                0x0000000017814060       0x24 common/built-in.o
 .text.ums_write_sector
                0x0000000017814084       0x24 common/built-in.o
 .text.ums_init
                0x00000000178140a8       0x60 common/built-in.o
                0x00000000178140a8                ums_init
 .text.do_usb_mass_storage
                0x0000000017814108      0x18c common/built-in.o
                0x0000000017814108                do_usb_mass_storage
 .text.do_imgextract
                0x0000000017814294      0x28c common/built-in.o
 .text.splash_screen_prepare
                0x0000000017814520        0x8 common/built-in.o
                0x0000000017814520                splash_screen_prepare
 .text.splash_get_pos
                0x0000000017814528       0x84 common/built-in.o
                0x0000000017814528                splash_get_pos
 .text.do_env_delete
                0x00000000178145ac       0x9c common/built-in.o
 .text.do_env_exists
                0x0000000017814648       0x64 common/built-in.o
 .text.do_env_save
                0x00000000178146ac       0x2c common/built-in.o
 .text.do_env   0x00000000178146d8       0x64 common/built-in.o
 .text.env_print
                0x000000001781473c       0xc0 common/built-in.o
 .text.do_env_print
                0x00000000178147fc       0xc4 common/built-in.o
 .text.do_env_import
                0x00000000178148c0      0x28c common/built-in.o
 .text.do_env_default
                0x0000000017814b4c       0xa8 common/built-in.o
 .text._do_env_set.isra.1
                0x0000000017814bf4      0x1b8 common/built-in.o
 .text.do_env_set
                0x0000000017814dac       0x1c common/built-in.o
 .text.get_env_id
                0x0000000017814dc8       0x10 common/built-in.o
                0x0000000017814dc8                get_env_id
 .text.setenv   0x0000000017814dd8       0x58 common/built-in.o
                0x0000000017814dd8                setenv
 .text.setenv_ulong
                0x0000000017814e30       0x20 common/built-in.o
                0x0000000017814e30                setenv_ulong
 .text.setenv_hex
                0x0000000017814e50       0x34 common/built-in.o
                0x0000000017814e50                setenv_hex
 .text.do_env_export
                0x0000000017814e84      0x260 common/built-in.o
 .text.envmatch
                0x00000000178150e4       0x6c common/built-in.o
                0x00000000178150e4                envmatch
 .text.getenv_f
                0x0000000017815150       0xc0 common/built-in.o
                0x0000000017815150                getenv_f
 .text.getenv   0x0000000017815210       0x78 common/built-in.o
                0x0000000017815210                getenv
 .text.getenv_hex
                0x0000000017815288       0x3c common/built-in.o
                0x0000000017815288                getenv_hex
 .text.getenv_ulong
                0x00000000178152c4       0x30 common/built-in.o
                0x00000000178152c4                getenv_ulong
 .text.do_env_edit
                0x00000000178152f4       0x78 common/built-in.o
 .text.env_get_char_spec
                0x000000001781536c        0xc common/built-in.o
                0x000000001781536c                env_get_char_spec
 .text.env_get_addr
                0x0000000017815378       0x20 common/built-in.o
                0x0000000017815378                env_get_addr
 .text.env_get_char_memory
                0x0000000017815398       0x10 common/built-in.o
                0x0000000017815398                env_get_char_memory
 .text.env_get_char
                0x00000000178153a8       0x30 common/built-in.o
                0x00000000178153a8                env_get_char
 .text.getenv_yesno
                0x00000000178153d8       0x40 common/built-in.o
                0x00000000178153d8                getenv_yesno
 .text.getenv_default
                0x0000000017815418       0x30 common/built-in.o
                0x0000000017815418                getenv_default
 .text.set_default_env
                0x0000000017815448       0xc0 common/built-in.o
                0x0000000017815448                set_default_env
 .text.set_default_vars
                0x0000000017815508       0x3c common/built-in.o
                0x0000000017815508                set_default_vars
 .text.env_import
                0x0000000017815544       0xe0 common/built-in.o
                0x0000000017815544                env_import
 .text.env_export
                0x0000000017815624       0xa0 common/built-in.o
                0x0000000017815624                env_export
 .text.env_relocate
                0x00000000178156c4       0x30 common/built-in.o
                0x00000000178156c4                env_relocate
 .text.env_complete
                0x00000000178156f4       0xdc common/built-in.o
                0x00000000178156f4                env_complete
 .text.console_setfile
                0x00000000178157d0       0xc0 common/built-in.o
 .text.serial_printf
                0x0000000017815890       0x40 common/built-in.o
                0x0000000017815890                serial_printf
 .text.puts     0x00000000178158d0       0x34 common/built-in.o
                0x00000000178158d0                puts
 .text.printf   0x0000000017815904       0x4c common/built-in.o
                0x0000000017815904                printf
 .text.putc     0x0000000017815950       0x34 common/built-in.o
                0x0000000017815950                putc
 .text.fgetc    0x0000000017815984       0x24 common/built-in.o
                0x0000000017815984                fgetc
 .text.getc     0x00000000178159a8       0x24 common/built-in.o
                0x00000000178159a8                getc
 .text.ftstc    0x00000000178159cc       0x24 common/built-in.o
                0x00000000178159cc                ftstc
 .text.tstc     0x00000000178159f0       0x24 common/built-in.o
                0x00000000178159f0                tstc
 .text.vprintf  0x0000000017815a14       0x34 common/built-in.o
                0x0000000017815a14                vprintf
 .text.ctrlc    0x0000000017815a48       0x58 common/built-in.o
                0x0000000017815a48                ctrlc
 .text.confirm_yesno
                0x0000000017815aa0       0xd4 common/built-in.o
                0x0000000017815aa0                confirm_yesno
 .text.had_ctrlc
                0x0000000017815b74       0x10 common/built-in.o
                0x0000000017815b74                had_ctrlc
 .text.clear_ctrlc
                0x0000000017815b84       0x14 common/built-in.o
                0x0000000017815b84                clear_ctrlc
 .text.search_device
                0x0000000017815b98       0x28 common/built-in.o
                0x0000000017815b98                search_device
 .text.console_assign
                0x0000000017815bc0       0x48 common/built-in.o
                0x0000000017815bc0                console_assign
 .text.on_console
                0x0000000017815c08       0xc0 common/built-in.o
 .text.console_init_f
                0x0000000017815cc8       0x10 common/built-in.o
                0x0000000017815cc8                console_init_f
 .text.stdio_print_current_devices
                0x0000000017815cd8       0xb0 common/built-in.o
                0x0000000017815cd8                stdio_print_current_devices
 .text.console_init_r
                0x0000000017815d88      0x194 common/built-in.o
                0x0000000017815d88                console_init_r
 .text.sbrk     0x0000000017815f1c       0x70 common/built-in.o
                0x0000000017815f1c                sbrk
 .text.mem_malloc_init
                0x0000000017815f8c       0x34 common/built-in.o
                0x0000000017815f8c                mem_malloc_init
 .text.malloc_trim
                0x0000000017815fc0       0xcc common/built-in.o
                0x0000000017815fc0                malloc_trim
 .text.free     0x000000001781608c      0x248 common/built-in.o
                0x000000001781608c                free
 .text.malloc   0x00000000178162d4      0x62c common/built-in.o
                0x00000000178162d4                malloc
 .text.calloc   0x0000000017816900      0x148 common/built-in.o
                0x0000000017816900                calloc
 .text.realloc  0x0000000017816a48      0x4d8 common/built-in.o
                0x0000000017816a48                realloc
 .text.memalign
                0x0000000017816f20      0x10c common/built-in.o
                0x0000000017816f20                memalign
 .text.malloc_simple
                0x000000001781702c       0x30 common/built-in.o
                0x000000001781702c                malloc_simple
 .text.on_loadaddr
                0x000000001781705c       0x38 common/built-in.o
 .text.image_check_hcrc
                0x0000000017817094       0x4c common/built-in.o
                0x0000000017817094                image_check_hcrc
 .text.image_check_dcrc
                0x00000000178170e0       0x38 common/built-in.o
                0x00000000178170e0                image_check_dcrc
 .text.image_multi_count
                0x0000000017817118       0x1c common/built-in.o
                0x0000000017817118                image_multi_count
 .text.image_multi_getimg
                0x0000000017817134       0x80 common/built-in.o
                0x0000000017817134                image_multi_getimg
 .text.getenv_bootm_low
                0x00000000178171b4       0x30 common/built-in.o
                0x00000000178171b4                getenv_bootm_low
 .text.getenv_bootm_size
                0x00000000178171e4       0x5c common/built-in.o
                0x00000000178171e4                getenv_bootm_size
 .text.getenv_bootm_mapsize
                0x0000000017817240       0x30 common/built-in.o
                0x0000000017817240                getenv_bootm_mapsize
 .text.memmove_wd
                0x0000000017817270        0xc common/built-in.o
                0x0000000017817270                memmove_wd
 .text.genimg_print_size
                0x000000001781727c       0x30 common/built-in.o
                0x000000001781727c                genimg_print_size
 .text.get_table_entry_name
                0x00000000178172ac       0x2c common/built-in.o
                0x00000000178172ac                get_table_entry_name
 .text.genimg_get_os_name
                0x00000000178172d8       0x18 common/built-in.o
                0x00000000178172d8                genimg_get_os_name
 .text.genimg_get_arch_name
                0x00000000178172f0       0x18 common/built-in.o
                0x00000000178172f0                genimg_get_arch_name
 .text.genimg_get_type_name
                0x0000000017817308       0x18 common/built-in.o
                0x0000000017817308                genimg_get_type_name
 .text.genimg_get_comp_name
                0x0000000017817320       0x18 common/built-in.o
                0x0000000017817320                genimg_get_comp_name
 .text.image_print_contents
                0x0000000017817338      0x174 common/built-in.o
                0x0000000017817338                image_print_contents
 .text.genimg_get_kernel_addr_fit
                0x00000000178174ac       0x24 common/built-in.o
                0x00000000178174ac                genimg_get_kernel_addr_fit
 .text.genimg_get_format
                0x00000000178174d0       0x34 common/built-in.o
                0x00000000178174d0                genimg_get_format
 .text.genimg_get_image
                0x0000000017817504        0x4 common/built-in.o
                0x0000000017817504                genimg_get_image
 .text.genimg_has_config
                0x0000000017817508        0x8 common/built-in.o
                0x0000000017817508                genimg_has_config
 .text.boot_get_ramdisk
                0x0000000017817510      0x238 common/built-in.o
                0x0000000017817510                boot_get_ramdisk
 .text.boot_ramdisk_high
                0x0000000017817748      0x13c common/built-in.o
                0x0000000017817748                boot_ramdisk_high
 .text.boot_get_setup
                0x0000000017817884        0x8 common/built-in.o
                0x0000000017817884                boot_get_setup
 .text.image_setup_linux
                0x000000001781788c       0x8c common/built-in.o
                0x000000001781788c                image_setup_linux
 .text.fdt_error
                0x0000000017817918       0x2c common/built-in.o
 .text.boot_fdt_add_mem_rsv_regions
                0x0000000017817944       0x88 common/built-in.o
                0x0000000017817944                boot_fdt_add_mem_rsv_regions
 .text.boot_relocate_fdt
                0x00000000178179cc      0x194 common/built-in.o
                0x00000000178179cc                boot_relocate_fdt
 .text.boot_get_fdt
                0x0000000017817b60      0x2ac common/built-in.o
                0x0000000017817b60                boot_get_fdt
 .text.ft_verify_fdt
                0x0000000017817e0c        0x8 common/built-in.o
                0x0000000017817e0c                ft_verify_fdt
 .text.image_setup_libfdt
                0x0000000017817e14       0xe8 common/built-in.o
                0x0000000017817e14                image_setup_libfdt
 .text.get_effective_memsize
                0x0000000017817efc        0x8 common/built-in.o
                0x0000000017817efc                get_effective_memsize
 .text.nulldev_putc
                0x0000000017817f04        0x4 common/built-in.o
 .text.nulldev_puts
                0x0000000017817f08        0x4 common/built-in.o
 .text.nulldev_input
                0x0000000017817f0c        0x8 common/built-in.o
 .text.stdio_serial_tstc
                0x0000000017817f14        0x4 common/built-in.o
 .text.stdio_serial_getc
                0x0000000017817f18        0x4 common/built-in.o
 .text.stdio_serial_puts
                0x0000000017817f1c        0x8 common/built-in.o
 .text.stdio_serial_putc
                0x0000000017817f24        0x8 common/built-in.o
 .text.stdio_get_list
                0x0000000017817f2c        0xc common/built-in.o
                0x0000000017817f2c                stdio_get_list
 .text.stdio_get_by_name
                0x0000000017817f38       0x5c common/built-in.o
                0x0000000017817f38                stdio_get_by_name
 .text.stdio_clone
                0x0000000017817f94       0x38 common/built-in.o
                0x0000000017817f94                stdio_clone
 .text.stdio_register_dev
                0x0000000017817fcc       0x50 common/built-in.o
                0x0000000017817fcc                stdio_register_dev
 .text.stdio_register
                0x000000001781801c        0x8 common/built-in.o
                0x000000001781801c                stdio_register
 .text.stdio_init_tables
                0x0000000017818024       0x1c common/built-in.o
                0x0000000017818024                stdio_init_tables
 .text.stdio_add_devices
                0x0000000017818040       0xd4 common/built-in.o
                0x0000000017818040                stdio_add_devices
 .text.run_command
                0x0000000017818114       0x10 common/built-in.o
                0x0000000017818114                run_command
 .text.run_command_list
                0x0000000017818124       0x5c common/built-in.o
                0x0000000017818124                run_command_list
 .text.do_run   0x0000000017818180       0x78 common/built-in.o
                0x0000000017818180                do_run
 .text.cli_loop
                0x00000000178181f8        0xc common/built-in.o
                0x00000000178181f8                cli_loop
 .text.cli_init
                0x0000000017818204        0x4 common/built-in.o
                0x0000000017818204                cli_init
 .text.delete_char.part.0
                0x0000000017818208       0xd0 common/built-in.o
 .text.cread_add_char
                0x00000000178182d8       0xe8 common/built-in.o
 .text.cli_readline_into_buffer
                0x00000000178183c0      0x9c0 common/built-in.o
                0x00000000178183c0                cli_readline_into_buffer
 .text.cli_readline
                0x0000000017818d80       0x14 common/built-in.o
                0x0000000017818d80                cli_readline
 .text.find_cmd_tbl
                0x0000000017818d94       0xa4 common/built-in.o
                0x0000000017818d94                find_cmd_tbl
 .text.find_cmd
                0x0000000017818e38       0x28 common/built-in.o
                0x0000000017818e38                find_cmd
 .text.cmd_usage
                0x0000000017818e60       0x5c common/built-in.o
                0x0000000017818e60                cmd_usage
 .text._do_help
                0x0000000017818ebc      0x180 common/built-in.o
                0x0000000017818ebc                _do_help
 .text.var_complete
                0x000000001781903c       0x7c common/built-in.o
                0x000000001781903c                var_complete
 .text.cmd_auto_complete
                0x00000000178190b8      0x4b0 common/built-in.o
                0x00000000178190b8                cmd_auto_complete
 .text.cmd_get_data_size
                0x0000000017819568       0x5c common/built-in.o
                0x0000000017819568                cmd_get_data_size
 .text.cmd_process
                0x00000000178195c4       0xf4 common/built-in.o
                0x00000000178195c4                cmd_process
 .text.cmd_process_error
                0x00000000178196b8       0x34 common/built-in.o
                0x00000000178196b8                cmd_process_error
 .text.hex1_bin
                0x00000000178196ec       0x40 common/built-in.o
 .text.hex2_bin
                0x000000001781972c       0x38 common/built-in.o
 .text.srec_decode
                0x0000000017819764      0x254 common/built-in.o
                0x0000000017819764                srec_decode
 .text.CYGACC_COMM_IF_GETC_TIMEOUT.isra.0
                0x00000000178199b8       0x5c common/built-in.o
 .text.xyzModem_flush
                0x0000000017819a14       0x1c common/built-in.o
 .text.xyzModem_get_hdr
                0x0000000017819a30      0x230 common/built-in.o
 .text.xyzModem_stream_open
                0x0000000017819c60      0x23c common/built-in.o
                0x0000000017819c60                xyzModem_stream_open
 .text.xyzModem_stream_read
                0x0000000017819e9c      0x258 common/built-in.o
                0x0000000017819e9c                xyzModem_stream_read
 .text.xyzModem_stream_close
                0x000000001781a0f4       0x54 common/built-in.o
                0x000000001781a0f4                xyzModem_stream_close
 .text.xyzModem_stream_terminate
                0x000000001781a148       0x94 common/built-in.o
                0x000000001781a148                xyzModem_stream_terminate
 .text.xyzModem_error
                0x000000001781a1dc       0x20 common/built-in.o
                0x000000001781a1dc                xyzModem_error
 .text.common_diskboot
                0x000000001781a1fc      0x238 common/built-in.o
                0x000000001781a1fc                common_diskboot
 .text.get_dev_hwpart
                0x000000001781a434       0xb0 disk/built-in.o
 .text.dev_print
                0x000000001781a4e4      0x204 disk/built-in.o
                0x000000001781a4e4                dev_print
 .text.init_part
                0x000000001781a6e8       0x20 disk/built-in.o
                0x000000001781a6e8                init_part
 .text.print_part
                0x000000001781a708       0xf4 disk/built-in.o
                0x000000001781a708                print_part
 .text.get_partition_info
                0x000000001781a7fc       0x2c disk/built-in.o
                0x000000001781a7fc                get_partition_info
 .text.get_device
                0x000000001781a828      0x114 disk/built-in.o
                0x000000001781a828                get_device
 .text.get_device_and_partition
                0x000000001781a93c      0x440 disk/built-in.o
                0x000000001781a93c                get_device_and_partition
 .text.test_block_type
                0x000000001781ad7c       0x84 disk/built-in.o
 .text.print_partition_extended
                0x000000001781ae00      0x278 disk/built-in.o
 .text.get_partition_info_extended.constprop.2
                0x000000001781b078      0x2d4 disk/built-in.o
 .text.test_part_dos
                0x000000001781b34c       0x64 disk/built-in.o
                0x000000001781b34c                test_part_dos
 .text.print_part_dos
                0x000000001781b3b0       0x34 disk/built-in.o
                0x000000001781b3b0                print_part_dos
 .text.get_partition_info_dos
                0x000000001781b3e4       0x20 disk/built-in.o
                0x000000001781b3e4                get_partition_info_dos
 .text.device_bind
                0x000000001781b404      0x268 drivers/built-in.o
                0x000000001781b404                device_bind
 .text.device_bind_by_name
                0x000000001781b66c       0x5c drivers/built-in.o
                0x000000001781b66c                device_bind_by_name
 .text.device_probe
                0x000000001781b6c8        0x8 drivers/built-in.o
                0x000000001781b6c8                device_probe
 .text.device_probe_child
                0x000000001781b6d0      0x208 drivers/built-in.o
                0x000000001781b6d0                device_probe_child
 .text.dev_get_platdata
                0x000000001781b8d8       0x34 drivers/built-in.o
                0x000000001781b8d8                dev_get_platdata
 .text.dev_get_priv
                0x000000001781b90c       0x34 drivers/built-in.o
                0x000000001781b90c                dev_get_priv
 .text.lists_driver_lookup_name
                0x000000001781b940       0x4c drivers/built-in.o
                0x000000001781b940                lists_driver_lookup_name
 .text.lists_uclass_lookup
                0x000000001781b98c       0x3c drivers/built-in.o
                0x000000001781b98c                lists_uclass_lookup
 .text.lists_bind_drivers
                0x000000001781b9c8       0x88 drivers/built-in.o
                0x000000001781b9c8                lists_bind_drivers
 .text.dm_root  0x000000001781ba50       0x28 drivers/built-in.o
                0x000000001781ba50                dm_root
 .text.dm_init  0x000000001781ba78       0x58 drivers/built-in.o
                0x000000001781ba78                dm_init
 .text.dm_scan_platdata
                0x000000001781bad0       0x2c drivers/built-in.o
                0x000000001781bad0                dm_scan_platdata
 .text.dm_scan_other
                0x000000001781bafc        0x8 drivers/built-in.o
                0x000000001781bafc                dm_scan_other
 .text.dm_init_and_scan
                0x000000001781bb04       0x30 drivers/built-in.o
                0x000000001781bb04                dm_init_and_scan
 .text.uclass_find
                0x000000001781bb34       0x4c drivers/built-in.o
                0x000000001781bb34                uclass_find
 .text.uclass_get
                0x000000001781bb80      0x134 drivers/built-in.o
                0x000000001781bb80                uclass_get
 .text.uclass_find_device
                0x000000001781bcb4       0x68 drivers/built-in.o
                0x000000001781bcb4                uclass_find_device
 .text.uclass_find_device_by_seq
                0x000000001781bd1c       0x7c drivers/built-in.o
                0x000000001781bd1c                uclass_find_device_by_seq
 .text.uclass_get_device
                0x000000001781bd98       0x3c drivers/built-in.o
                0x000000001781bd98                uclass_get_device
 .text.uclass_bind_device
                0x000000001781bdd4       0xa4 drivers/built-in.o
                0x000000001781bdd4                uclass_bind_device
 .text.uclass_unbind_device
                0x000000001781be78       0x50 drivers/built-in.o
                0x000000001781be78                uclass_unbind_device
 .text.uclass_resolve_seq
                0x000000001781bec8       0xb0 drivers/built-in.o
                0x000000001781bec8                uclass_resolve_seq
 .text.uclass_pre_probe_child
                0x000000001781bf78       0x2c drivers/built-in.o
                0x000000001781bf78                uclass_pre_probe_child
 .text.uclass_post_probe_device
                0x000000001781bfa4       0x20 drivers/built-in.o
                0x000000001781bfa4                uclass_post_probe_device
 .text.uclass_pre_remove_device
                0x000000001781bfc4       0x5c drivers/built-in.o
                0x000000001781bfc4                uclass_pre_remove_device
 .text.dm_warn  0x000000001781c020       0x28 drivers/built-in.o
                0x000000001781c020                dm_warn
 .text.device_free
                0x000000001781c048       0x90 drivers/built-in.o
                0x000000001781c048                device_free
 .text.device_remove
                0x000000001781c0d8      0x138 drivers/built-in.o
                0x000000001781c0d8                device_remove
 .text.finish_access
                0x000000001781c210       0x2c drivers/built-in.o
 .text.prepare_access
                0x000000001781c23c       0x8c drivers/built-in.o
 .text.set_timing
                0x000000001781c2c8       0xb8 drivers/built-in.o
 .text.fuse_read
                0x000000001781c380       0x6c drivers/built-in.o
                0x000000001781c380                fuse_read
 .text.fuse_sense
                0x000000001781c3ec       0xac drivers/built-in.o
                0x000000001781c3ec                fuse_sense
 .text.fuse_prog
                0x000000001781c498       0xa8 drivers/built-in.o
                0x000000001781c498                fuse_prog
 .text.fuse_override
                0x000000001781c540       0x60 drivers/built-in.o
                0x000000001781c540                fuse_override
 .text.video_drawchars
                0x000000001781c5a0      0x44c drivers/built-in.o
 .text.draw_bitmap
                0x000000001781c9ec       0xdc drivers/built-in.o
 .text.console_newline.constprop.1
                0x000000001781cac8       0xe0 drivers/built-in.o
 .text.video_putc
                0x000000001781cba8      0x194 drivers/built-in.o
 .text.video_puts
                0x000000001781cd3c       0x7c drivers/built-in.o
 .text.board_cfb_skip
                0x000000001781cdb8        0x8 drivers/built-in.o
                0x000000001781cdb8                board_cfb_skip
 .text.video_set_lut
                0x000000001781cdc0        0x8 drivers/built-in.o
                0x000000001781cdc4                video_set_lut
 .text.display_rle8_bitmap
                0x000000001781cdc8      0x348 drivers/built-in.o
 .text.plot_logo_or_black
                0x000000001781d110      0x268 drivers/built-in.o
 .text.do_clrlogo
                0x000000001781d378       0x58 drivers/built-in.o
 .text.video_display_bitmap
                0x000000001781d3d0      0x988 drivers/built-in.o
                0x000000001781d3d0                video_display_bitmap
 .text.video_clear
                0x000000001781dd58       0x54 drivers/built-in.o
                0x000000001781dd58                video_clear
 .text.drv_video_init
                0x000000001781ddac      0x41c drivers/built-in.o
                0x000000001781ddac                drv_video_init
 .text.mxcfb_map_video_memory
                0x000000001781e1c8       0x88 drivers/built-in.o
 .text.ipuv3_fb_shutdown
                0x000000001781e250       0x60 drivers/built-in.o
                0x000000001781e250                ipuv3_fb_shutdown
 .text.video_hw_init
                0x000000001781e2b0      0x5cc drivers/built-in.o
                0x000000001781e2b0                video_hw_init
 .text.ipuv3_fb_init
                0x000000001781e87c       0x2c drivers/built-in.o
                0x000000001781e87c                ipuv3_fb_init
 .text.clk_ipu_enable
                0x000000001781e8a8       0x20 drivers/built-in.o
 .text.clk_ipu_disable
                0x000000001781e8c8       0x1c drivers/built-in.o
 .text.ipu_pixel_clk_recalc
                0x000000001781e8e4       0x44 drivers/built-in.o
 .text.ipu_pixel_clk_round_rate
                0x000000001781e928       0x7c drivers/built-in.o
 .text.ipu_pixel_clk_set_rate
                0x000000001781e9a4       0x68 drivers/built-in.o
 .text.ipu_pixel_clk_enable
                0x000000001781ea0c       0x28 drivers/built-in.o
 .text.ipu_pixel_clk_disable
                0x000000001781ea34       0x24 drivers/built-in.o
 .text.ipu_pixel_clk_set_parent
                0x000000001781ea58       0x84 drivers/built-in.o
 .text.clk_enable
                0x000000001781eadc       0x24 drivers/built-in.o
                0x000000001781eadc                clk_enable
 .text.clk_disable
                0x000000001781eb00       0x30 drivers/built-in.o
                0x000000001781eb00                clk_disable
 .text.clk_get_usecount
                0x000000001781eb30        0xc drivers/built-in.o
                0x000000001781eb30                clk_get_usecount
 .text.clk_get_rate
                0x000000001781eb3c        0xc drivers/built-in.o
                0x000000001781eb3c                clk_get_rate
 .text.clk_get_parent
                0x000000001781eb48        0xc drivers/built-in.o
                0x000000001781eb48                clk_get_parent
 .text.clk_set_rate
                0x000000001781eb54       0x24 drivers/built-in.o
                0x000000001781eb54                clk_set_rate
 .text.clk_round_rate
                0x000000001781eb78       0x20 drivers/built-in.o
                0x000000001781eb78                clk_round_rate
 .text.clk_set_parent
                0x000000001781eb98       0x1c drivers/built-in.o
                0x000000001781eb98                clk_set_parent
 .text.ipu_probe
                0x000000001781ebb4      0x150 drivers/built-in.o
                0x000000001781ebb4                ipu_probe
 .text.ipu_dump_registers
                0x000000001781ed04        0x4 drivers/built-in.o
                0x000000001781ed04                ipu_dump_registers
 .text.ipu_init_channel
                0x000000001781ed08      0x1fc drivers/built-in.o
                0x000000001781ed08                ipu_init_channel
 .text.ipu_uninit_channel
                0x000000001781ef04      0x220 drivers/built-in.o
                0x000000001781ef04                ipu_uninit_channel
 .text.ipu_enable_channel
                0x000000001781f124       0xe8 drivers/built-in.o
                0x000000001781f124                ipu_enable_channel
 .text.ipu_clear_buffer_ready
                0x000000001781f20c       0x7c drivers/built-in.o
                0x000000001781f20c                ipu_clear_buffer_ready
 .text.ipu_disable_channel
                0x000000001781f288      0x198 drivers/built-in.o
                0x000000001781f288                ipu_disable_channel
 .text.bytes_per_pixel
                0x000000001781f420       0xec drivers/built-in.o
                0x000000001781f420                bytes_per_pixel
 .text.ipu_init_channel_buffer
                0x000000001781f50c      0x5c0 drivers/built-in.o
                0x000000001781f50c                ipu_init_channel_buffer
 .text.format_to_colorspace
                0x000000001781facc       0xc4 drivers/built-in.o
                0x000000001781facc                format_to_colorspace
 .text.ipu_dc_map_config
                0x000000001781fb90       0x70 drivers/built-in.o
 .text.rgb_to_yuv
                0x000000001781fc00       0x70 drivers/built-in.o
 .text.ipu_dc_link_event
                0x000000001781fc70      0x170 drivers/built-in.o
 .text.ipu_dp_csc_setup.isra.0
                0x000000001781fde0      0x100 drivers/built-in.o
 .text.ipu_di_sync_config.constprop.3
                0x000000001781fee0       0xf0 drivers/built-in.o
 .text.ipu_dmfc_init
                0x000000001781ffd0      0x158 drivers/built-in.o
                0x000000001781ffd0                ipu_dmfc_init
 .text.ipu_dmfc_set_wait4eot
                0x0000000017820128      0x130 drivers/built-in.o
                0x0000000017820128                ipu_dmfc_set_wait4eot
 .text.ipu_dp_init
                0x0000000017820258      0x1f8 drivers/built-in.o
                0x0000000017820258                ipu_dp_init
 .text.ipu_dp_uninit
                0x0000000017820450       0x7c drivers/built-in.o
                0x0000000017820450                ipu_dp_uninit
 .text.ipu_dc_init
                0x00000000178204cc      0x2d0 drivers/built-in.o
                0x00000000178204cc                ipu_dc_init
 .text.ipu_dc_uninit
                0x000000001782079c      0x1b4 drivers/built-in.o
                0x000000001782079c                ipu_dc_uninit
 .text.ipu_dp_dc_enable
                0x0000000017820950      0x1b4 drivers/built-in.o
                0x0000000017820950                ipu_dp_dc_enable
 .text.ipu_dp_dc_disable
                0x0000000017820b04      0x2f4 drivers/built-in.o
                0x0000000017820b04                ipu_dp_dc_disable
 .text.ipu_init_dc_mappings
                0x0000000017820df8      0x184 drivers/built-in.o
                0x0000000017820df8                ipu_init_dc_mappings
 .text.ipu_init_sync_panel
                0x0000000017820f7c      0x7c0 drivers/built-in.o
                0x0000000017820f7c                ipu_init_sync_panel
 .text.ipu_disp_set_global_alpha
                0x000000001782173c      0x100 drivers/built-in.o
                0x000000001782173c                ipu_disp_set_global_alpha
 .text.ipu_disp_set_color_key
                0x000000001782183c      0x1a4 drivers/built-in.o
                0x000000001782183c                ipu_disp_set_color_key
 .text.reset_cpu
                0x00000000178219e0       0x28 drivers/built-in.o
                0x00000000178219e0                reset_cpu
 .text.thermal_get_temp
                0x0000000017821a08       0x20 drivers/built-in.o
                0x0000000017821a08                thermal_get_temp
 .text.read_cpu_temperature
                0x0000000017821a28       0xec drivers/built-in.o
 .text.imx_thermal_get_temp
                0x0000000017821b14       0x6c drivers/built-in.o
                0x0000000017821b14                imx_thermal_get_temp
 .text.imx_thermal_probe
                0x0000000017821b80       0x88 drivers/built-in.o
 .text.gpio_set_value
                0x0000000017821c08       0x44 drivers/gpio/built-in.o
                0x0000000017821c08                gpio_set_value
 .text.gpio_get_value
                0x0000000017821c4c       0x34 drivers/gpio/built-in.o
                0x0000000017821c4c                gpio_get_value
 .text.gpio_request
                0x0000000017821c80       0x10 drivers/gpio/built-in.o
                0x0000000017821c80                gpio_request
 .text.gpio_free
                0x0000000017821c90        0x8 drivers/gpio/built-in.o
                0x0000000017821c90                gpio_free
 .text.gpio_direction_input
                0x0000000017821c98       0x3c drivers/gpio/built-in.o
                0x0000000017821c98                gpio_direction_input
 .text.gpio_direction_output
                0x0000000017821cd4       0x50 drivers/gpio/built-in.o
                0x0000000017821cd4                gpio_direction_output
 .text.i2c_get_adapter
                0x0000000017821d24       0x64 drivers/i2c/built-in.o
                0x0000000017821d24                i2c_get_adapter
 .text.i2c_init_bus
                0x0000000017821d88       0x90 drivers/i2c/built-in.o
 .text.i2c_get_bus_num
                0x0000000017821e18        0x8 drivers/i2c/built-in.o
                0x0000000017821e18                i2c_get_bus_num
 .text.i2c_set_bus_num
                0x0000000017821e20       0xbc drivers/i2c/built-in.o
                0x0000000017821e20                i2c_set_bus_num
 .text.i2c_init_all
                0x0000000017821edc       0x14 drivers/i2c/built-in.o
                0x0000000017821edc                i2c_init_all
 .text.i2c_probe
                0x0000000017821ef0       0x2c drivers/i2c/built-in.o
                0x0000000017821ef0                i2c_probe
 .text.i2c_read
                0x0000000017821f1c       0x4c drivers/i2c/built-in.o
                0x0000000017821f1c                i2c_read
 .text.i2c_write
                0x0000000017821f68       0x4c drivers/i2c/built-in.o
                0x0000000017821f68                i2c_write
 .text.i2c_set_bus_speed
                0x0000000017821fb4       0x64 drivers/i2c/built-in.o
                0x0000000017821fb4                i2c_set_bus_speed
 .text.i2c_get_bus_speed
                0x0000000017822018       0x14 drivers/i2c/built-in.o
                0x0000000017822018                i2c_get_bus_speed
 .text.i2c_init
                0x000000001782202c       0x14 drivers/i2c/built-in.o
                0x000000001782202c                i2c_init
 .text.wait_for_sr_state
                0x0000000017822040       0xb0 drivers/i2c/built-in.o
 .text.tx_byte  0x00000000178220f0       0x2c drivers/i2c/built-in.o
 .text.i2c_imx_get_clk